2025-02-17 21:55:01,287 - socket_logger - INFO - SocketIO initialized
2025-02-17 21:55:03,078 - socket_logger - INFO - SocketIO initialized
2025-02-17 21:55:28,438 - socket_logger - INFO - Cliente conectado
2025-02-17 21:56:33,396 - socket_logger - INFO - Cliente desconectado
2025-02-17 21:56:37,052 - socket_logger - INFO - Cliente conectado
2025-02-17 22:05:43,383 - socket_logger - INFO - Cliente desconectado
2025-02-17 22:05:47,010 - socket_logger - INFO - Cliente conectado
2025-02-17 22:06:01,832 - socket_logger - INFO - Cliente desconectado
2025-02-17 22:07:18,128 - socket_logger - INFO - Cliente conectado
2025-02-17 22:09:00,739 - socket_logger - INFO - SocketIO initialized
2025-02-17 22:09:00,897 - socket_logger - INFO - Cliente conectado
2025-02-17 22:09:05,740 - socket_logger - INFO - SocketIO initialized
2025-02-17 22:09:05,888 - socket_logger - INFO - Cliente conectado
2025-02-17 22:09:10,537 - socket_logger - INFO - SocketIO initialized
2025-02-17 22:09:10,765 - socket_logger - INFO - Cliente conectado
2025-02-17 22:09:22,589 - socket_logger - INFO - SocketIO initialized
2025-02-17 22:09:22,739 - socket_logger - INFO - Cliente conectado
2025-02-17 22:09:30,443 - socket_logger - INFO - Cliente desconectado
2025-02-17 22:09:34,849 - socket_logger - INFO - Cliente conectado
2025-02-17 22:09:46,205 - socket_logger - INFO - Cliente desconectado
2025-02-17 22:11:52,639 - socket_logger - INFO - Cliente conectado
2025-02-17 22:16:00,791 - socket_logger - INFO - Cliente desconectado
2025-02-17 22:16:03,455 - socket_logger - INFO - Cliente conectado
2025-02-17 22:16:08,503 - socket_logger - INFO - Cliente desconectado
2025-02-17 22:16:36,457 - socket_logger - INFO - Cliente conectado
2025-02-17 22:18:13,797 - socket_logger - INFO - Cliente desconectado
2025-02-17 22:18:14,721 - socket_logger - INFO - Cliente conectado
2025-02-17 22:18:50,477 - socket_logger - INFO - Cliente desconectado
2025-02-17 22:18:52,780 - socket_logger - INFO - Cliente conectado
2025-02-17 22:27:06,841 - socket_logger - INFO - Cliente desconectado
2025-02-17 22:27:26,074 - socket_logger - INFO - Cliente conectado
2025-02-17 22:27:26,102 - socket_logger - INFO - Cliente desconectado
2025-02-17 22:27:57,359 - socket_logger - INFO - Cliente conectado
2025-02-17 22:27:57,361 - socket_logger - INFO - Usuario 1 conectado com o socket P0vPPHPoyR45Qf1CAAAR
2025-02-17 22:34:31,864 - socket_logger - INFO - Cliente desconectado
2025-02-17 22:34:31,866 - socket_logger - INFO - Usuario 1 desconectado
2025-02-17 22:34:35,079 - socket_logger - INFO - Cliente conectado
2025-02-17 22:34:35,082 - socket_logger - INFO - Usuario 1 conectado com o socket YyWMxtor_BDqrEZAAAAT
2025-02-17 22:34:45,368 - socket_logger - INFO - Cliente desconectado
2025-02-17 22:34:45,369 - socket_logger - INFO - Usuario 1 desconectado
2025-02-17 22:34:48,283 - socket_logger - INFO - Cliente conectado
2025-02-17 22:34:48,285 - socket_logger - INFO - Usuario 1 conectado com o socket HG12Uv5QdKLsJ0S5AAAV
2025-02-17 22:36:01,422 - socket_logger - INFO - Cliente desconectado
2025-02-17 22:36:01,424 - socket_logger - INFO - Usuario 1 desconectado
2025-02-17 22:36:03,651 - socket_logger - INFO - Cliente conectado
2025-02-17 22:36:03,655 - socket_logger - INFO - Usuario 1 conectado com o socket AUFYaz3ARmYCP-XxAAAX
2025-02-17 22:36:20,085 - socket_logger - INFO - Cliente desconectado
2025-02-17 22:36:20,085 - socket_logger - INFO - Usuario 1 desconectado
2025-02-17 22:36:58,504 - socket_logger - INFO - Cliente conectado
2025-02-17 22:36:58,506 - socket_logger - INFO - Usuario 1 conectado com o socket JJ86iP_x_rNqTAnqAAAZ
2025-02-17 22:37:29,541 - socket_logger - INFO - Cliente desconectado
2025-02-17 22:37:29,541 - socket_logger - INFO - Usuario 1 desconectado
2025-02-26 22:11:08,764 - socket_logger - INFO - SocketIO initialized
2025-02-26 22:11:11,093 - socket_logger - INFO - SocketIO initialized
2025-02-26 22:16:12,424 - socket_logger - INFO - Cliente conectado
2025-02-26 22:16:12,427 - socket_logger - INFO - Usuario 1 conectado com o socket 2iv-r3_yJvopFRNPAAAB
2025-02-26 22:18:57,531 - socket_logger - INFO - Cliente desconectado
2025-02-26 22:18:57,533 - socket_logger - INFO - Usuario 1 desconectado
2025-02-26 22:19:01,837 - socket_logger - INFO - Cliente conectado
2025-02-26 22:19:01,842 - socket_logger - INFO - Usuario 1 conectado com o socket TR5QEGCDs2DJUBaDAAAD
2025-02-26 22:20:35,018 - socket_logger - INFO - Cliente desconectado
2025-02-26 22:20:35,019 - socket_logger - INFO - Usuario 1 desconectado
2025-02-26 22:20:37,939 - socket_logger - INFO - Cliente conectado
2025-02-26 22:20:37,953 - socket_logger - INFO - Usuario 1 conectado com o socket j_muWYOXzH9zPZ0XAAAF
2025-02-26 22:21:34,410 - socket_logger - INFO - Cliente desconectado
2025-02-26 22:21:34,411 - socket_logger - INFO - Usuario 1 desconectado
2025-02-26 22:21:36,818 - socket_logger - INFO - Cliente conectado
2025-02-26 22:21:36,821 - socket_logger - INFO - Usuario 1 conectado com o socket Y1xByvAxnxVlAUdSAAAH
2025-02-26 22:22:38,645 - socket_logger - INFO - Cliente desconectado
2025-02-26 22:22:38,645 - socket_logger - INFO - Usuario 1 desconectado
2025-02-26 22:24:17,168 - socket_logger - INFO - Cliente conectado
2025-02-26 22:24:17,176 - socket_logger - INFO - Usuario 1 conectado com o socket os7Fy-MmIxgUnQ_pAAAJ
2025-02-26 22:24:29,751 - socket_logger - INFO - Cliente desconectado
2025-02-26 22:24:29,753 - socket_logger - INFO - Usuario 1 desconectado
2025-02-26 22:29:25,549 - socket_logger - INFO - Cliente conectado
2025-02-26 22:29:25,556 - socket_logger - INFO - Usuario 1 conectado com o socket Rbv65XCw0zK1E3RFAAAL
2025-02-26 22:29:34,787 - socket_logger - INFO - Cliente desconectado
2025-02-26 22:29:34,788 - socket_logger - INFO - Usuario 1 desconectado
2025-02-26 22:30:42,796 - socket_logger - INFO - Cliente conectado
2025-02-26 22:30:42,804 - socket_logger - INFO - Usuario 1 conectado com o socket __gjq2mhIH78l-yKAAAN
2025-02-26 22:30:53,534 - socket_logger - INFO - Cliente desconectado
2025-02-26 22:30:53,534 - socket_logger - INFO - Usuario 1 desconectado
2025-02-26 22:31:02,392 - socket_logger - INFO - Cliente conectado
2025-02-26 22:31:02,394 - socket_logger - INFO - Usuario 1 conectado com o socket ugXrZ_6w3v2udALbAAAP
2025-02-26 22:32:05,581 - socket_logger - INFO - Cliente desconectado
2025-02-26 22:32:05,583 - socket_logger - INFO - Usuario 1 desconectado
2025-02-26 22:32:06,392 - socket_logger - INFO - Cliente conectado
2025-02-26 22:32:06,395 - socket_logger - INFO - Usuario 1 conectado com o socket 6EMdz5l1n92d3s1xAAAR
2025-02-26 22:32:25,002 - socket_logger - INFO - Cliente desconectado
2025-02-26 22:32:25,002 - socket_logger - INFO - Usuario 1 desconectado
2025-02-26 22:32:28,293 - socket_logger - INFO - Cliente conectado
2025-02-26 22:32:28,297 - socket_logger - INFO - Usuario 1 conectado com o socket bE-M0UNX2ZgqMvDpAAAT
2025-02-26 22:35:13,022 - socket_logger - INFO - Cliente desconectado
2025-02-26 22:35:13,026 - socket_logger - INFO - Usuario 1 desconectado
2025-02-27 06:26:07,987 - socket_logger - INFO - SocketIO initialized
2025-02-27 06:26:09,456 - socket_logger - INFO - SocketIO initialized
2025-02-27 06:27:36,415 - socket_logger - INFO - Cliente conectado
2025-02-27 06:27:36,418 - socket_logger - INFO - Usuario 1 conectado com o socket K1uui7rlDTWKKwcsAAAB
2025-02-27 06:27:52,958 - socket_logger - INFO - Cliente desconectado
2025-02-27 06:27:52,959 - socket_logger - INFO - Usuario 1 desconectado
2025-02-27 06:27:56,992 - socket_logger - INFO - Cliente conectado
2025-02-27 06:27:56,994 - socket_logger - INFO - Usuario 1 conectado com o socket ee92nCQdRw7U_L3FAAAD
2025-02-27 06:29:56,384 - socket_logger - INFO - Cliente desconectado
2025-02-27 06:29:56,384 - socket_logger - INFO - Usuario 1 desconectado
2025-02-27 06:29:59,600 - socket_logger - INFO - Cliente conectado
2025-02-27 06:29:59,604 - socket_logger - INFO - Usuario 1 conectado com o socket UZ7F0SVtOrArdCYNAAAF
2025-02-27 06:30:38,848 - socket_logger - INFO - Cliente desconectado
2025-02-27 06:30:38,848 - socket_logger - INFO - Usuario 1 desconectado
2025-02-27 06:30:41,962 - socket_logger - INFO - Cliente conectado
2025-02-27 06:30:41,966 - socket_logger - INFO - Usuario 1 conectado com o socket 0upzXoXWU5758Hu6AAAH
2025-02-27 06:40:02,779 - socket_logger - INFO - Cliente desconectado
2025-02-27 06:40:02,784 - socket_logger - INFO - Usuario 1 desconectado
2025-02-27 06:40:06,377 - socket_logger - INFO - Cliente conectado
2025-02-27 06:40:06,380 - socket_logger - INFO - Usuario 1 conectado com o socket jApybwuL-0ZY_bu6AAAJ
2025-02-27 06:40:27,384 - socket_logger - INFO - Cliente desconectado
2025-02-27 06:40:27,385 - socket_logger - INFO - Usuario 1 desconectado
2025-02-27 06:43:03,227 - socket_logger - INFO - Cliente conectado
2025-02-27 06:43:03,238 - socket_logger - INFO - Usuario 1 conectado com o socket Xyyu6ABUnf_XvsTGAAAL
2025-02-27 06:44:05,433 - socket_logger - INFO - Cliente desconectado
2025-02-27 06:44:05,435 - socket_logger - INFO - Usuario 1 desconectado
2025-02-27 06:44:08,922 - socket_logger - INFO - Cliente conectado
2025-02-27 06:44:08,925 - socket_logger - INFO - Usuario 1 conectado com o socket zmsjfLms3IMhq-9jAAAN
2025-02-27 06:47:22,263 - socket_logger - INFO - Cliente desconectado
2025-02-27 06:47:22,264 - socket_logger - INFO - Usuario 1 desconectado
2025-02-27 06:47:24,940 - socket_logger - INFO - Cliente conectado
2025-02-27 06:47:24,942 - socket_logger - INFO - Usuario 1 conectado com o socket 5OEDiFa4L81-VO6HAAAP
2025-02-27 06:49:40,252 - socket_logger - INFO - Cliente desconectado
2025-02-27 06:49:40,253 - socket_logger - INFO - Usuario 1 desconectado
2025-02-27 06:49:54,982 - socket_logger - INFO - Cliente conectado
2025-02-27 06:49:54,985 - socket_logger - INFO - Usuario 1 conectado com o socket _0cK9FYYbsYAjkXbAAAR
2025-02-27 06:53:10,761 - socket_logger - INFO - Cliente desconectado
2025-02-27 06:53:10,762 - socket_logger - INFO - Usuario 1 desconectado
2025-02-27 06:53:14,934 - socket_logger - INFO - Cliente conectado
2025-02-27 06:53:14,938 - socket_logger - INFO - Usuario 1 conectado com o socket ecdZG3zzY1of1mzrAAAT
2025-02-27 06:54:38,481 - socket_logger - INFO - SocketIO initialized
2025-02-27 06:54:39,559 - socket_logger - INFO - SocketIO initialized
2025-02-27 06:54:41,768 - socket_logger - INFO - Cliente conectado
2025-02-27 06:54:41,791 - socket_logger - INFO - Usuario 1 conectado com o socket NDbcwFwWpgClG7G5AAAB
2025-02-27 06:54:53,958 - socket_logger - INFO - Cliente desconectado
2025-02-27 06:54:53,959 - socket_logger - INFO - Usuario 1 desconectado
2025-02-27 06:55:54,290 - socket_logger - INFO - Cliente conectado
2025-02-27 06:55:54,296 - socket_logger - INFO - Usuario 1 conectado com o socket lXnYAu4eNMF4XkaeAAAD
2025-02-27 06:56:10,356 - socket_logger - INFO - Cliente desconectado
2025-02-27 06:56:10,357 - socket_logger - INFO - Usuario 1 desconectado
2025-02-27 06:56:17,299 - socket_logger - INFO - Cliente conectado
2025-02-27 06:56:17,301 - socket_logger - INFO - Usuario 1 conectado com o socket sS464fbDiNYbs8CtAAAF
2025-02-27 22:40:05,049 - socket_logger - INFO - SocketIO initialized
2025-02-27 22:40:06,576 - socket_logger - INFO - SocketIO initialized
2025-02-27 22:40:09,802 - socket_logger - INFO - Cliente conectado
2025-02-27 22:41:00,972 - socket_logger - INFO - Cliente desconectado
2025-02-27 22:41:11,454 - socket_logger - INFO - Cliente conectado
2025-02-27 22:41:18,232 - socket_logger - INFO - Usuario 1 conectado com o socket lZX0YNMsGXt10v0iAAAD
2025-02-27 22:42:36,309 - socket_logger - INFO - Cliente desconectado
2025-02-27 22:42:36,310 - socket_logger - INFO - Usuario 1 desconectado
2025-02-27 22:42:39,243 - socket_logger - INFO - Cliente conectado
2025-02-27 22:44:03,457 - socket_logger - INFO - Cliente desconectado
2025-02-27 22:44:06,940 - socket_logger - INFO - Cliente conectado
2025-02-27 22:44:17,245 - socket_logger - INFO - Usuario 1 conectado com o socket WABjuyL90735OgIRAAAH
2025-02-27 22:44:41,498 - socket_logger - INFO - Cliente desconectado
2025-02-27 22:44:41,499 - socket_logger - INFO - Usuario 1 desconectado
2025-02-27 22:44:44,163 - socket_logger - INFO - Cliente conectado
2025-02-27 22:44:49,900 - socket_logger - INFO - Usuario 1 conectado com o socket bYIHxfjzP3tS-yePAAAJ
2025-02-27 22:49:07,201 - socket_logger - INFO - Cliente desconectado
2025-02-27 22:49:07,202 - socket_logger - INFO - Usuario 1 desconectado
2025-02-27 22:49:10,046 - socket_logger - INFO - Cliente conectado
2025-02-27 22:49:27,693 - socket_logger - INFO - Cliente desconectado
2025-02-27 22:49:30,465 - socket_logger - INFO - Cliente conectado
2025-02-27 22:51:19,961 - socket_logger - INFO - Cliente desconectado
2025-02-27 22:51:23,202 - socket_logger - INFO - Cliente conectado
2025-02-27 22:52:32,810 - socket_logger - INFO - Cliente desconectado
2025-02-27 22:52:35,550 - socket_logger - INFO - Cliente conectado
2025-02-27 22:52:44,353 - socket_logger - INFO - Cliente desconectado
2025-02-27 22:53:23,570 - socket_logger - INFO - Cliente conectado
2025-02-27 22:53:32,705 - socket_logger - INFO - Cliente desconectado
2025-02-27 22:53:35,802 - socket_logger - INFO - Cliente conectado
2025-02-27 22:54:15,268 - socket_logger - INFO - Cliente desconectado
2025-02-27 22:54:18,812 - socket_logger - INFO - Cliente conectado
