2025-03-04 13:43:46,551 - socket_logger - INFO - Usuario 2 conectado com o socket 4fcfhLKnH1Xs0rHkAAAB
2025-03-04 13:43:46,568 - socket_logger - INFO - Cliente desconectado
2025-03-04 13:43:46,577 - socket_logger - INFO - Usuario 2desconectado
2025-03-04 13:43:49,023 - socket_logger - INFO - Usuario 2 conectado com o socket Lp71jSGc8m4ecWBoAAAD
2025-03-04 13:45:05,857 - socket_logger - INFO - Cliente desconectado
2025-03-04 13:45:05,858 - socket_logger - INFO - Usuario 2desconectado
2025-03-04 13:45:07,353 - socket_logger - INFO - Usuario 2 conectado com o socket 9EVM-HqF3syqAPBQAAAF
2025-03-04 13:45:44,261 - socket_logger - INFO - Cliente desconectado
2025-03-04 13:45:44,305 - socket_logger - INFO - Usuario 2desconectado
2025-03-04 13:45:45,892 - socket_logger - INFO - Usuario 2 conectado com o socket yCt__cc96axsXKTDAAAH
2025-03-04 13:46:59,431 - socket_logger - INFO - Cliente desconectado
2025-03-04 13:46:59,591 - socket_logger - INFO - Usuario 2desconectado
2025-03-04 13:47:01,108 - socket_logger - INFO - Usuario 2 conectado com o socket dnINiQpYegrXy5zXAAAJ
2025-03-04 13:47:49,127 - socket_logger - INFO - Cliente desconectado
2025-03-04 13:47:49,129 - socket_logger - INFO - Usuario 2desconectado
2025-03-04 13:47:50,748 - socket_logger - INFO - Usuario 2 conectado com o socket iFbebQAe0e8x30m_AAAL
2025-03-04 13:48:16,049 - socket_logger - INFO - Cliente desconectado
2025-03-04 13:48:16,049 - socket_logger - INFO - Usuario 2desconectado
2025-03-04 13:48:25,783 - socket_logger - INFO - Usuario 2 conectado com o socket QINsG5QP5m8Y0nDBAAAN
2025-03-04 13:48:51,435 - socket_logger - INFO - Cliente desconectado
2025-03-04 13:48:51,436 - socket_logger - INFO - Usuario 2desconectado
2025-03-04 13:48:52,568 - socket_logger - INFO - Usuario 2 conectado com o socket RN2uCJgIZdoI5B8mAAAP
2025-03-04 13:48:59,649 - socket_logger - INFO - Cliente desconectado
2025-03-04 13:48:59,651 - socket_logger - INFO - Usuario 2desconectado
2025-03-04 13:49:00,987 - socket_logger - INFO - Usuario 2 conectado com o socket -7qSASyi6awubTPqAAAR
2025-03-04 13:50:28,369 - socket_logger - INFO - Cliente desconectado
2025-03-04 13:50:28,382 - socket_logger - INFO - Usuario 2desconectado
2025-03-04 13:50:30,885 - socket_logger - INFO - Usuario 2 conectado com o socket ZXCrXWSSTsLXeetyAAAT
2025-03-04 13:52:27,491 - socket_logger - INFO - Cliente desconectado
2025-03-04 13:52:27,491 - socket_logger - INFO - Usuario 2desconectado
2025-03-04 13:52:29,026 - socket_logger - INFO - Usuario 2 conectado com o socket pKhBwig0duwdSTzPAAAV
2025-03-04 13:53:27,752 - socket_logger - INFO - Cliente desconectado
2025-03-04 13:53:27,757 - socket_logger - INFO - Usuario 2desconectado
2025-03-04 13:53:31,508 - socket_logger - INFO - Usuario 2 conectado com o socket Be68b67KQ5k-trtpAAAY
2025-03-04 13:59:17,257 - socket_logger - INFO - Cliente desconectado
2025-03-04 13:59:17,259 - socket_logger - INFO - Usuario 2desconectado
2025-03-04 13:59:19,031 - socket_logger - INFO - Usuario 2 conectado com o socket dOcd3hepYfWha_O9AAAa
2025-03-04 14:16:07,668 - socket_logger - INFO - Cliente desconectado
2025-03-04 14:16:07,670 - socket_logger - INFO - Usuario 2desconectado
2025-03-04 14:16:09,704 - socket_logger - INFO - Usuario 2 conectado com o socket mFrqSXulSlDYF1i0AAAc
2025-03-04 14:19:35,951 - socket_logger - INFO - Cliente desconectado
2025-03-04 14:19:35,955 - socket_logger - INFO - Usuario 2desconectado
2025-03-04 14:19:38,034 - socket_logger - INFO - Usuario 2 conectado com o socket t6U5Onhi5HJgXZjaAAAe
2025-03-04 14:21:13,916 - socket_logger - INFO - Cliente desconectado
2025-03-04 14:21:13,917 - socket_logger - INFO - Usuario 2desconectado
2025-03-04 14:21:15,449 - socket_logger - INFO - Usuario 2 conectado com o socket VI0_B6zV18Ks2dUoAAAg
2025-03-04 14:21:20,267 - socket_logger - INFO - Cliente desconectado
2025-03-04 14:21:20,269 - socket_logger - INFO - Usuario 2desconectado
2025-03-04 14:21:20,599 - socket_logger - INFO - Usuario 2 conectado com o socket -F4sK0HIWU6Er0y-AAAi
2025-03-04 14:33:30,222 - socket_logger - INFO - Cliente desconectado
2025-03-04 14:33:30,228 - socket_logger - INFO - Usuario 2desconectado
2025-03-04 14:33:31,940 - socket_logger - INFO - Usuario 2 conectado com o socket lPVDCP87ysjiu1quAAAk
2025-03-04 14:34:26,041 - socket_logger - INFO - Cliente desconectado
2025-03-04 14:34:26,046 - socket_logger - INFO - Usuario 2desconectado
2025-03-04 14:34:26,508 - socket_logger - INFO - Usuario 2 conectado com o socket Ies0ji7h4KDNP_TOAAAm
2025-03-04 14:34:49,636 - socket_logger - INFO - Cliente desconectado
2025-03-04 14:34:49,636 - socket_logger - INFO - Usuario 2desconectado
2025-03-04 14:34:50,047 - socket_logger - INFO - Usuario 2 conectado com o socket KuXWOdynsmXvlkruAAAo
2025-03-04 14:35:00,609 - socket_logger - INFO - Cliente desconectado
2025-03-04 14:35:00,610 - socket_logger - INFO - Usuario 2desconectado
2025-03-04 14:35:36,052 - socket_logger - INFO - Usuario 2 conectado com o socket zBMr9dM_CRJc8vgnAAAq
2025-03-04 14:36:42,384 - socket_logger - INFO - Cliente desconectado
2025-03-04 14:36:42,386 - socket_logger - INFO - Usuario 2desconectado
2025-03-04 14:36:42,882 - socket_logger - INFO - Usuario 2 conectado com o socket 9-ZCNeEYHjCDR0zYAAAs
2025-03-04 14:37:07,698 - socket_logger - INFO - Cliente desconectado
2025-03-04 14:37:07,699 - socket_logger - INFO - Usuario 2desconectado
2025-03-04 14:37:08,175 - socket_logger - INFO - Usuario 2 conectado com o socket ng2HJPNXinSIkQbCAAAu
2025-03-04 14:37:22,055 - socket_logger - INFO - Cliente desconectado
2025-03-04 14:37:22,057 - socket_logger - INFO - Usuario 2desconectado
2025-03-04 14:37:23,299 - socket_logger - INFO - Usuario 2 conectado com o socket ClDXrD6uIDtbevv_AAAw
2025-03-05 06:11:37,679 - socket_logger - INFO - Usuario 2 conectado com o socket 7ZmI8M_dzXjYir6XAAAB
2025-03-05 06:17:51,828 - socket_logger - INFO - Cliente desconectado
2025-03-05 06:17:51,830 - socket_logger - INFO - Usuario 2desconectado
2025-03-05 06:17:52,214 - socket_logger - INFO - Usuario 2 conectado com o socket eoBGT6xWsC7jx2oHAAAD
2025-03-05 06:18:31,398 - socket_logger - INFO - Cliente desconectado
2025-03-05 06:18:31,398 - socket_logger - INFO - Usuario 2desconectado
2025-03-05 06:18:31,775 - socket_logger - INFO - Usuario 2 conectado com o socket Nam9npAAKMpErUAFAAAF
2025-03-05 06:19:36,122 - socket_logger - INFO - Cliente desconectado
2025-03-05 06:19:36,135 - socket_logger - INFO - Usuario 2desconectado
2025-03-05 06:19:37,639 - socket_logger - INFO - Usuario 2 conectado com o socket VEsKDHH3YNdWGevkAAAH
2025-03-05 06:20:28,399 - socket_logger - INFO - Cliente desconectado
2025-03-05 06:20:28,401 - socket_logger - INFO - Usuario 2desconectado
2025-03-05 06:20:29,924 - socket_logger - INFO - Usuario 2 conectado com o socket yfmSUrGNKqLHO7njAAAJ
2025-03-05 06:21:13,858 - socket_logger - INFO - Cliente desconectado
2025-03-05 06:21:13,858 - socket_logger - INFO - Usuario 2desconectado
2025-03-05 06:21:15,442 - socket_logger - INFO - Usuario 2 conectado com o socket 3V18pjJXgRzI-fH-AAAL
2025-03-05 06:24:42,462 - socket_logger - INFO - Cliente desconectado
2025-03-05 06:24:42,464 - socket_logger - INFO - Usuario 2desconectado
2025-03-05 06:24:43,939 - socket_logger - INFO - Usuario 2 conectado com o socket GQs1czJftRcKEJ-NAAAN
2025-03-05 06:25:37,380 - socket_logger - INFO - Cliente desconectado
2025-03-05 06:25:37,380 - socket_logger - INFO - Usuario 2desconectado
2025-03-05 06:25:37,774 - socket_logger - INFO - Usuario 2 conectado com o socket x9bXwCZVbtVicy9hAAAP
2025-03-05 06:26:01,172 - socket_logger - INFO - Cliente desconectado
2025-03-05 06:26:01,172 - socket_logger - INFO - Usuario 2desconectado
2025-03-05 06:26:01,490 - socket_logger - INFO - Usuario 2 conectado com o socket IHmNrQvSRFUKkLPGAAAR
2025-03-05 06:27:38,405 - socket_logger - INFO - Cliente desconectado
2025-03-05 06:27:38,406 - socket_logger - INFO - Usuario 2desconectado
2025-03-05 06:27:38,783 - socket_logger - INFO - Usuario 2 conectado com o socket Y-fgAMT-kHyhfAZ5AAAT
2025-03-05 06:28:13,460 - socket_logger - INFO - Cliente desconectado
2025-03-05 06:28:13,460 - socket_logger - INFO - Usuario 2desconectado
2025-03-05 06:28:13,852 - socket_logger - INFO - Usuario 2 conectado com o socket Zh_yMVrYWrXNCB-ZAAAV
2025-03-05 06:28:29,900 - socket_logger - INFO - Cliente desconectado
2025-03-05 06:28:29,900 - socket_logger - INFO - Usuario 2desconectado
2025-03-05 06:28:30,201 - socket_logger - INFO - Usuario 2 conectado com o socket wMhIWMqCD7010ZONAAAX
2025-03-05 06:28:55,449 - socket_logger - INFO - Cliente desconectado
2025-03-05 06:28:55,449 - socket_logger - INFO - Usuario 2desconectado
2025-03-05 06:28:55,836 - socket_logger - INFO - Usuario 2 conectado com o socket cxRNaruGhpio2v33AAAZ
2025-03-05 06:29:42,139 - socket_logger - INFO - Cliente desconectado
2025-03-05 06:29:42,141 - socket_logger - INFO - Usuario 2desconectado
2025-03-05 06:29:42,511 - socket_logger - INFO - Usuario 2 conectado com o socket ZeoqdftXpd_ecr0aAAAb
2025-03-05 06:30:28,914 - socket_logger - INFO - Cliente desconectado
2025-03-05 06:30:28,914 - socket_logger - INFO - Usuario 2desconectado
2025-03-05 06:30:29,313 - socket_logger - INFO - Usuario 2 conectado com o socket o-6jYqfwfN9gRJMFAAAd
2025-03-05 06:34:17,221 - socket_logger - INFO - Cliente desconectado
2025-03-05 06:34:17,223 - socket_logger - INFO - Usuario 2desconectado
2025-03-05 06:34:18,765 - socket_logger - INFO - Usuario 2 conectado com o socket fw5KPCk1LOrRMJw0AAAf
2025-03-05 06:36:34,757 - socket_logger - INFO - Cliente desconectado
2025-03-05 06:36:34,759 - socket_logger - INFO - Usuario 2desconectado
2025-03-05 06:36:36,272 - socket_logger - INFO - Usuario 2 conectado com o socket f3BobSUDT7BdAMNaAAAh
2025-03-05 06:37:14,079 - socket_logger - INFO - Cliente desconectado
2025-03-05 06:37:14,079 - socket_logger - INFO - Usuario 2desconectado
2025-03-05 06:37:15,872 - socket_logger - INFO - Usuario 2 conectado com o socket i2F_HZJNC4T_XscoAAAj
2025-03-05 06:37:20,187 - socket_logger - INFO - Cliente desconectado
2025-03-05 06:37:20,188 - socket_logger - INFO - Usuario 2desconectado
2025-03-05 06:37:21,259 - socket_logger - INFO - Usuario 2 conectado com o socket QIJ4rqutVHTzCeOZAAAl
2025-03-05 06:41:43,867 - socket_logger - INFO - Cliente desconectado
2025-03-05 06:41:43,868 - socket_logger - INFO - Usuario 2desconectado
2025-03-05 06:41:44,245 - socket_logger - INFO - Usuario 2 conectado com o socket 5ZOr4igHz-ixBPDoAAAn
2025-03-05 06:44:01,143 - socket_logger - INFO - Cliente desconectado
2025-03-05 06:44:01,144 - socket_logger - INFO - Usuario 2desconectado
2025-03-05 06:44:02,735 - socket_logger - INFO - Usuario 2 conectado com o socket WskJHQ342KstRSPuAAAp
2025-03-05 06:45:07,584 - socket_logger - INFO - Cliente desconectado
2025-03-05 06:45:07,594 - socket_logger - INFO - Usuario 2desconectado
2025-03-05 06:45:09,156 - socket_logger - INFO - Usuario 2 conectado com o socket EQhnocjovv3HUGBnAAAr
2025-03-05 06:45:28,170 - socket_logger - INFO - Cliente desconectado
2025-03-05 06:45:28,171 - socket_logger - INFO - Usuario 2desconectado
2025-03-05 06:45:30,071 - socket_logger - INFO - Usuario 2 conectado com o socket az5H3jqxWbt8o5n5AAAt
2025-03-05 06:46:56,208 - socket_logger - INFO - Cliente desconectado
2025-03-05 06:46:56,243 - socket_logger - INFO - Usuario 2desconectado
2025-03-05 06:46:57,751 - socket_logger - INFO - Usuario 2 conectado com o socket z-G0Se0QoUaSuJRhAAAv
2025-03-05 06:47:57,443 - socket_logger - INFO - Cliente desconectado
2025-03-05 06:47:57,445 - socket_logger - INFO - Usuario 2desconectado
2025-03-05 06:47:59,191 - socket_logger - INFO - Usuario 2 conectado com o socket pD7DUtZbJuTca9y5AAAx
2025-03-05 06:48:25,713 - socket_logger - INFO - Cliente desconectado
2025-03-05 06:48:25,715 - socket_logger - INFO - Usuario 2desconectado
2025-03-05 06:48:28,913 - socket_logger - INFO - Usuario 2 conectado com o socket HO-liFSgwvTMdk6QAAAz
2025-03-05 06:50:05,233 - socket_logger - INFO - Cliente desconectado
2025-03-05 06:50:05,233 - socket_logger - INFO - Usuario 2desconectado
2025-03-05 06:50:05,600 - socket_logger - INFO - Usuario 2 conectado com o socket a40ks4NnVSm7ELxvAAA1
2025-03-05 06:53:00,185 - socket_logger - INFO - Cliente desconectado
2025-03-05 06:53:00,188 - socket_logger - INFO - Usuario 2desconectado
2025-03-05 06:53:00,578 - socket_logger - INFO - Usuario 2 conectado com o socket 2KkoaJq1xjbW3u4zAAA3
2025-03-05 06:57:06,405 - socket_logger - INFO - Cliente desconectado
2025-03-05 06:57:06,406 - socket_logger - INFO - Usuario 2desconectado
2025-03-05 06:57:06,773 - socket_logger - INFO - Usuario 2 conectado com o socket kmE4ZsEiHAxso564AAA5
2025-03-05 06:58:16,965 - socket_logger - INFO - Cliente desconectado
2025-03-05 06:58:16,966 - socket_logger - INFO - Usuario 2desconectado
